[23:42:19] [ServerMain/INFO]: [bootstrap] Running Java 25 (OpenJDK 64-Bit Server VM 25.0.3+9-LTS; Eclipse Adoptium Temurin-25.0.3+9) on Windows 11 10.0 (amd64)
[23:42:19] [ServerMain/INFO]: [bootstrap] Loading Paper 26.1.2-69-main@76d2ac7 (2026-06-03T17:32:02Z) for Minecraft 26.1.2
[23:42:20] [ServerMain/INFO]: [PluginInitializerManager] Initializing plugins...
[23:42:20] [ServerMain/INFO]: [PluginInitializerManager] Initialized 10 plugins
[23:42:20] [ServerMain/INFO]: [PluginInitializerManager] Bukkit plugins (10):
 - Essentials (2.22.0), GrimAC (2.3.74-b2b2503), InteractionVisualizer (2026.1.1.0), PlasmoVoice (2.1.9), ProtocolLib (5.5.0-SNAPSHOT-b723ff3), SkibCommon (1.0), SkinsRestorer (15.12.2), Vault (2.19.1), ViaBackwards (5.9.2-SNAPSHOT), ViaVersion (5.9.2-SNAPSHOT)
[23:42:24] [ServerMain/INFO]: Environment: Environment[sessionHost=https://sessionserver.mojang.com, servicesHost=https://api.minecraftservices.com, profilesHost=https://api.mojang.com, name=PROD]
[23:42:25] [ServerMain/INFO]: Loaded 1515 recipes
[23:42:25] [ServerMain/INFO]: Loaded 1617 advancements
[23:42:25] [ServerMain/INFO]: [ca.spottedleaf.dataconverter.minecraft.datatypes.MCTypeRegistry] Initialising converters for DataConverter...
[23:42:25] [ServerMain/INFO]: [ca.spottedleaf.dataconverter.minecraft.datatypes.MCTypeRegistry] Finished initialising converters for DataConverter in 270.2ms
[23:42:26] [Server thread/INFO]: Starting minecraft server version 26.1.2
[23:42:26] [Server thread/INFO]: Loading properties
[23:42:26] [Server thread/INFO]: This server is running Paper version 26.1.2-69-main@76d2ac7 (2026-06-03T17:32:02Z) (Implementing API version 26.1.2.build.69-stable)
[23:42:26] [Server thread/INFO]: [spark] This server bundles the spark profiler. For more information please visit https://docs.papermc.io/paper/profiling
[23:42:26] [Server thread/INFO]: Server Ping Player Sample Count: 12
[23:42:26] [Server thread/INFO]: Using 4 threads for Netty based IO
[23:42:26] [Server thread/INFO]: [MoonriseCommon] Paper is using 4 worker threads, 1 I/O threads
[23:42:26] [Server thread/INFO]: Default game type: SURVIVAL
[23:42:26] [Server thread/INFO]: Generating keypair
[23:42:26] [Server thread/INFO]: Starting Minecraft server on *:25565
[23:42:26] [Server thread/INFO]: Paper: Using Java compression from Velocity.
[23:42:26] [Server thread/INFO]: Paper: Using Java cipher from Velocity.
[23:42:27] [Server thread/INFO]: [ViaVersion] Loading server plugin ViaVersion v5.9.2-SNAPSHOT
[23:42:27] [Server thread/INFO]: [ViaVersion] ViaVersion 5.9.2-SNAPSHOT is now loaded. Registering protocol transformers and injecting...
[23:42:27] [Via-Mappingloader-1/INFO]: [ViaVersion] Loading block connection mappings ...
[23:42:27] [Server thread/INFO]: [ViaBackwards] Loading translations...
[23:42:27] [Server thread/INFO]: [ViaBackwards] Registering protocols...
[23:42:27] [Server thread/INFO]: [Vault] Loading server plugin Vault v2.19.1
[23:42:27] [Server thread/INFO]: [ProtocolLib] Loading server plugin ProtocolLib v5.5.0-SNAPSHOT-b723ff3
[23:42:27] [Server thread/WARN]: [ProtocolLib] Version (MC: 26.1.2) has not yet been tested! Proceed with caution.
[23:42:28] [Server thread/INFO]: [ViaBackwards] Loading server plugin ViaBackwards v5.9.2-SNAPSHOT
[23:42:28] [Server thread/INFO]: [Essentials] Loading server plugin Essentials v2.22.0
[23:42:28] [Server thread/INFO]: [SkinsRestorer] Loading server plugin SkinsRestorer v15.12.2
[23:42:28] [Server thread/INFO]: [SkibCommon] Loading server plugin SkibCommon v1.0
[23:42:28] [Server thread/INFO]: [PlasmoVoice] Loading server plugin PlasmoVoice v2.1.9
[23:42:28] [Server thread/INFO]: [InteractionVisualizer] Loading server plugin InteractionVisualizer v2026.1.1.0
[23:42:28] [Server thread/INFO]: [GrimAC] Loading server plugin GrimAC v2.3.74-b2b2503
[23:42:28] [Server thread/ERROR]: [GrimAC] [STDERR] SLF4J(W): No SLF4J providers were found.
[23:42:28] [Server thread/WARN]: Nag author(s): '[GrimAC]' of 'GrimAC v2.3.74-b2b2503' about their usage of System.out/err.print. Please use your plugin's logger instead (JavaPlugin#getLogger).
[23:42:28] [Server thread/ERROR]: [GrimAC] [STDERR] SLF4J(W): Defaulting to no-operation (NOP) logger implementation
[23:42:28] [Server thread/ERROR]: [GrimAC] [STDERR] SLF4J(W): See https://www.slf4j.org/codes.html#noProviders for further details.
[23:42:28] [Server thread/INFO]: [GrimAC] Loading PacketEvents...
[23:42:28] [Server thread/INFO]: [packetevents] Loading packetevents...
[23:42:29] [Server thread/INFO]: [packetevents] Loaded packetevents v2.12.3+e18eca8-SNAPSHOT for GrimAC
[23:42:29] [pool-13-thread-1/INFO]: [packetevents] Loading block mappings for V_26_1/21...
[23:42:29] [Server thread/INFO]: Server permissions file permissions.yml is empty, ignoring it
[23:42:29] [Server thread/INFO]: [Vault] Enabling Vault v2.19.1
[23:42:29] [Server thread/INFO]: [Vault] Enabled Version 2.19.1
[23:42:29] [Server thread/INFO]: [ProtocolLib] Enabling ProtocolLib v5.5.0-SNAPSHOT-b723ff3
[23:42:29] [Server thread/INFO]: [SkinsRestorer] Enabling SkinsRestorer v15.12.2
[23:42:29] [pool-13-thread-1/INFO]: [packetevents] Finished loading block mappings for V_26_1/21 in 250.2823ms
[23:42:30] [Server thread/INFO]: [SkinsRestorer] Running on Minecraft 26.1.2.
[23:42:30] [Server thread/INFO]: [SkinsRestorer] Using paper join listener!
[23:42:30] [Server thread/INFO]: [PlasmoVoice] Enabling PlasmoVoice v2.1.9
[23:42:30] [Folia Async Scheduler Thread #1/INFO]: [SkinsRestorer] ----------------------------------------------
[23:42:30] [Folia Async Scheduler Thread #1/INFO]: [SkinsRestorer]     +===================+
[23:42:30] [Folia Async Scheduler Thread #1/INFO]: [SkinsRestorer]     |   SkinsRestorer   |
[23:42:30] [Folia Async Scheduler Thread #1/INFO]: [SkinsRestorer]     |-------------------|
[23:42:30] [Folia Async Scheduler Thread #1/INFO]: [SkinsRestorer]     |  Standalone Mode  |
[23:42:30] [Folia Async Scheduler Thread #1/INFO]: [SkinsRestorer]     +===================+
[23:42:30] [Folia Async Scheduler Thread #1/INFO]: [SkinsRestorer] ----------------------------------------------
[23:42:30] [Folia Async Scheduler Thread #1/INFO]: [SkinsRestorer]     Version: 15.12.2
[23:42:30] [Folia Async Scheduler Thread #1/INFO]: [SkinsRestorer]     Commit: 5872d07
[23:42:30] [Folia Async Scheduler Thread #1/INFO]: [SkinsRestorer]     This is the latest version!
[23:42:30] [Folia Async Scheduler Thread #1/INFO]: [SkinsRestorer] ----------------------------------------------
[23:42:30] [Folia Async Scheduler Thread #1/INFO]: [SkinsRestorer] Do you have issues? Read our troubleshooting guide: https://skinsrestorer.net/docs/troubleshooting
[23:42:30] [Folia Async Scheduler Thread #1/INFO]: [SkinsRestorer] Want to support SkinsRestorer or receive priority support? Become a supporter: https://skinsrestorer.net/pricing
[23:42:30] [Server thread/INFO]: [PlasmoVoice] NioDatagramChannel UDP server is started on /[0:0:0:0:0:0:0:0]:25565
[23:42:30] [Server thread/INFO]: [PlasmoVoice] Spigot vanish PlayerHideEntityEvent/PlayerShowEntityEvent event listener attached
[23:42:30] [Server thread/WARN]: **** SERVER IS RUNNING IN OFFLINE/INSECURE MODE!
[23:42:30] [Server thread/WARN]: The server will make no attempt to authenticate usernames. Beware.
[23:42:30] [Server thread/WARN]: While this makes the game possible to play without internet access, it also opens up the ability for hackers to connect with any username they choose.
[23:42:30] [Server thread/WARN]: To change this, set "online-mode" to "true" in the server.properties file.
[23:42:30] [Server thread/INFO]: Preparing level "world"
[23:42:30] [Server thread/INFO]: Loading 0 persistent chunks for level 'minecraft:overworld'...
[23:42:30] [Server thread/INFO]: Preparing spawn area: 100%
[23:42:30] [Server thread/INFO]: Prepared spawn area in 2 ms
[23:42:30] [Server thread/INFO]: Loading 0 persistent chunks for level 'minecraft:the_nether'...
[23:42:30] [Server thread/INFO]: Prepared spawn area in 1 ms
[23:42:30] [Server thread/INFO]: Loading 0 persistent chunks for level 'minecraft:the_end'...
[23:42:30] [Server thread/INFO]: Prepared spawn area in 1 ms
[23:42:30] [Server thread/INFO]: Done preparing level "world" (0.347s)
[23:42:30] [Server thread/INFO]: [ViaVersion] Enabling ViaVersion v5.9.2-SNAPSHOT
[23:42:30] [Server thread/INFO]: [ViaVersion] ViaVersion detected server version: 26.1-26.1.2 (775)
[23:42:30] [Server thread/INFO]: [ViaBackwards] Enabling ViaBackwards v5.9.2-SNAPSHOT
[23:42:30] [Server thread/INFO]: [Essentials] Enabling Essentials v2.22.0
[23:42:31] [Server thread/INFO]: [Essentials] Attempting to convert old kits in config.yml to new kits.yml
[23:42:31] [Server thread/INFO]: [Essentials] No kits found to migrate.
[23:42:31] [Server thread/INFO]: [Essentials] Selected Paper Server State Provider as the provider for ServerStateProvider
[23:42:31] [Server thread/INFO]: [Essentials] Selected 1.20.6+ Potion Meta Provider as the provider for PotionMetaProvider
[23:42:31] [Server thread/INFO]: [Essentials] Selected Paper Tick Count Provider as the provider for TickCountProvider
[23:42:31] [Server thread/INFO]: [Essentials] Selected 1.21+ InventoryView Interface ABI Provider as the provider for InventoryViewProvider
[23:42:31] [Server thread/INFO]: [Essentials] Selected 1.8.3+ Spawner Item Provider as the provider for SpawnerItemProvider
[23:42:31] [Server thread/INFO]: [Essentials] Selected 1.20.5+ Banner Data Provider as the provider for BannerDataProvider
[23:42:31] [Server thread/INFO]: [Essentials] Selected 1.12+ Spawner Block Provider as the provider for SpawnerBlockProvider
[23:42:31] [Server thread/INFO]: [Essentials] Selected Paper Serialization Provider as the provider for SerializationProvider
[23:42:31] [Server thread/INFO]: [Essentials] Selected 1.12.2+ Player Locale Provider as the provider for PlayerLocaleProvider
[23:42:31] [Server thread/INFO]: [Essentials] Selected 1.14.4+ Persistent Data Container Provider as the provider for PersistentDataProvider
[23:42:31] [Server thread/INFO]: [Essentials] Selected Paper Material Tag Provider as the provider for MaterialTagProvider
[23:42:31] [Server thread/INFO]: [Essentials] Selected 1.20.4+ Damage Event Provider as the provider for DamageEventProvider
[23:42:31] [Server thread/INFO]: [Essentials] Selected Paper Known Commands Provider as the provider for KnownCommandsProvider
[23:42:31] [Server thread/INFO]: [Essentials] Selected Paper Container Provider as the provider for ContainerProvider
[23:42:31] [Server thread/INFO]: [Essentials] Selected Reflection Online Mode Provider as the provider for OnlineModeProvider
[23:42:31] [Server thread/INFO]: [Essentials] Selected 1.13+ Spawn Egg Provider as the provider for SpawnEggProvider
[23:42:31] [Server thread/INFO]: [Essentials] Selected Legacy Biome Name Provider as the provider for BiomeNameProvider
[23:42:31] [Server thread/INFO]: [Essentials] Selected 1.17.1+ World Info Provider as the provider for WorldInfoProvider
[23:42:31] [Server thread/INFO]: [Essentials] Selected 1.14+ Sign Data Provider as the provider for SignDataProvider
[23:42:31] [Server thread/INFO]: [Essentials] Selected Reflection Formatted Command Alias Provider as the provider for FormattedCommandAliasProvider
[23:42:31] [Server thread/INFO]: [Essentials] Selected 1.21.4+ Sync Commands Provider as the provider for SyncCommandsProvider
[23:42:31] [Server thread/INFO]: [Essentials] Selected Paper 1.13+ Tile Entity Provider as the provider for TileEntityProvider
[23:42:31] [Server thread/INFO]: [Essentials] Selected 1.11+ Item Unbreakable Provider as the provider for ItemUnbreakableProvider
[23:42:31] [Server thread/INFO]: [Essentials] Selected Paper Biome Key Provider as the provider for BiomeKeyProvider
[23:42:31] [Server thread/INFO]: [Essentials] Loaded 46312 items from items.json.
[23:42:31] [Server thread/INFO]: [Essentials] Using locale en_US
[23:42:31] [Server thread/INFO]: [Essentials] ServerListPingEvent: Spigot iterator API
[23:42:31] [Server thread/INFO]: [Essentials] Starting Metrics. Opt-out using the global bStats config.
[23:42:31] [Server thread/INFO]: [Essentials] Using superperms-based permissions.
[23:42:31] [Server thread/INFO]: [SkibCommon] Enabling SkibCommon v1.0
[23:42:31] [Server thread/INFO]: [SkibCommon] Carregadas 2 mineradoras.
[23:42:31] [Server thread/INFO]: [SkibCommon] [FurnaceTools] 156 receitas de fundição carregadas.
[23:42:31] [Server thread/INFO]: [InteractionVisualizer] Enabling InteractionVisualizer v2026.1.1.0
[23:42:36] [Server thread/INFO]: [InteractionVisualizer] Opened Sqlite database successfully
[23:42:36] [Server thread/INFO]: [InteractionVisualizer] InteractionVisualizer has been enabled!
[23:42:36] [Server thread/INFO]: [GrimAC] Enabling GrimAC v2.3.74-b2b2503
[23:42:36] [Server thread/INFO]: [GrimAC] Registering packets...
[23:42:36] [Server thread/INFO]: [GrimAC] Registering tick schedulers...
[23:42:37] [Server thread/INFO]: Grim Version: 2.3.74-b2b2503
[23:42:37] [Server thread/INFO]: [grim-datastore] [v2-bootstrap] grim:grim_sessions (sessions): 0 migration(s)
[23:42:37] [Server thread/INFO]: [grim-datastore] [v2-bootstrap] grim:grim_settings (settings): 0 migration(s)
[23:42:37] [Server thread/INFO]: [grim-datastore] [v2-bootstrap] grim:grim_violations (violations): 0 migration(s)
[23:42:37] [Server thread/INFO]: [grim-datastore] [v2-bootstrap] grim:grim_players (players): 0 migration(s)
[23:42:37] [Server thread/INFO]: [grim-datastore] [v2-bootstrap] grim:server_startups (server_startups): 0 migration(s)
[23:42:37] [Server thread/INFO]: [grim-datastore] [grim-datastore] v2 cutover complete: 1 v2 backend(s), ac.grim.grimac.internal.storage.core.V2Routes@5a2ca4fd routes installed, 0 legacy backends
[23:42:37] [Server thread/WARN]: [grim-datastore] [grim-datastore] storage startup claimed: serverName='Prison' instanceId=8ce6820b-88ad-4038-8a70-5294046ce754 startupId=a80fc002-3554-4316-890e-905527c49b28; recovered 0 previous open session(s).
[23:42:37] [Server thread/WARN]: [GrimAC] GrimAC has detected that you have installed ViaBackwards on a 1.21.2+ server.
[23:42:37] [Server thread/WARN]: [GrimAC] This setup is currently unsupported and you will experience issues with older clients using vehicles.
[23:42:37] [Server thread/INFO]: [GrimAC] Registering singular bukkit event... (PistonEvent)
[23:42:37] [Server thread/INFO]: [spark] Starting background profiler...
[23:42:37] [Server thread/INFO]: [spark] The async-profiler engine is not supported for your os/arch (windows11/amd64), so the built-in Java engine will be used instead.
[23:42:37] [Server thread/INFO]: Saving chunks for level 'ServerLevel[world]'/minecraft:overworld
[23:42:37] [Server thread/INFO]: Saving chunks for level 'ServerLevel[world]'/minecraft:the_nether
[23:42:37] [Server thread/INFO]: Saving chunks for level 'ServerLevel[world]'/minecraft:the_end
[23:42:37] [Server thread/INFO]: ThreadedAnvilChunkStorage (world): All chunks are saved
[23:42:37] [Server thread/INFO]: ThreadedAnvilChunkStorage (DIM-1): All chunks are saved
[23:42:37] [Server thread/INFO]: ThreadedAnvilChunkStorage (DIM1): All chunks are saved
[23:42:37] [Server thread/INFO]: ThreadedAnvilChunkStorage: All dimensions are saved
[23:42:37] [Server thread/INFO]: Running delayed init tasks
[23:42:37] [Server thread/INFO]: [Essentials] Essentials found a compatible payment resolution method: Vault Compatibility Layer (v2.19.1)!
[23:42:37] [Craft Scheduler Thread - 2 - Essentials/INFO]: [Essentials] Fetching version information...
[23:42:37] [Craft Scheduler Thread - 1 - InteractionVisualizer/INFO]: [InteractionVisualizer] Downloading and extracting latest Language files...
[23:42:37] [Craft Scheduler Thread - 3 - ViaVersion/INFO]: [ViaVersion] Finished mapping loading, shutting down loader executor.
[23:42:37] [Server thread/INFO]: Done (18.175s)! For help, type "help"
[23:42:37] [Server thread/INFO]: [ViaVersion] You are running a development version of the plugin, please report any bugs to GitHub.
[23:42:37] [Craft Scheduler Thread - 7 - GrimAC/INFO]: You are using the latest version of GrimAC
[23:42:38] [Craft Scheduler Thread - 1 - InteractionVisualizer/INFO]: [InteractionVisualizer] Sucessfully downloaded the latest Language files!
[23:42:51] [User Authenticator #0/INFO]: UUID of player jlenon7 is 6a6dc5c5-65d3-3c55-8a13-d79183ef3ef4
[23:42:51] [Server thread/INFO]: [HorriblePlayerLoginEventHack] You have plugins listening to the PlayerLoginEvent, this will cause re-configuration APIs to be unavailable: [ProtocolLib]
[23:42:52] [Server thread/INFO]: jlenon7 joined the game
[23:42:52] [Server thread/INFO]: jlenon7[/[0:0:0:0:0:0:0:1]:65455] logged in with entity id 1 at ([minecraft:overworld]-198.74573372485284, 67.0, -148.40248456879644)
[23:43:06] [Server thread/INFO]: jlenon7 issued server command: /mm dar arcoelfonegro
[23:43:18] [Server thread/INFO]: jlenon7 issued server command: /gamemode survival
[23:43:35] [Server thread/INFO]: jlenon7 issued server command: /time set day
[23:45:22] [Server thread/INFO]: jlenon7 issued server command: /gamemode creative
[23:48:22] [Server thread/INFO]: Stopping the server
[23:48:22] [Server thread/INFO]: Stopping server
[23:48:22] [Server thread/INFO]: [GrimAC] Disabling GrimAC v2.3.74-b2b2503
[23:48:22] [Server thread/INFO]: [GrimAC] Terminating PacketEvents...
[23:48:22] [Server thread/INFO]: [grim-datastore] [grim-datastore] closed 1 still-open session(s) for this server startup
[23:48:22] [Server thread/INFO]: [InteractionVisualizer] Disabling InteractionVisualizer v2026.1.1.0
[23:48:22] [Server thread/INFO]: [InteractionVisualizer] Saving player preferences bitmask index, do not halt the server.
[23:48:22] [Server thread/INFO]: [InteractionVisualizer] Plugin reload detected, attempting to despawn all visual entities. If anything went wrong, please restart! (Reloads are always not recommended)
[23:48:22] [Server thread/INFO]: [InteractionVisualizer] InteractionVisualizer has been disabled!
[23:48:22] [Server thread/INFO]: [PlasmoVoice] Disabling PlasmoVoice v2.1.9
[23:48:22] [Server thread/INFO]: [PlasmoVoice] UDP server is stopped
[23:48:22] [Server thread/INFO]: [SkibCommon] Disabling SkibCommon v1.0
[23:48:22] [Server thread/INFO]: [SkinsRestorer] Disabling SkinsRestorer v15.12.2
[23:48:22] [Server thread/INFO]: [Essentials] Disabling Essentials v2.22.0
[23:48:22] [Server thread/INFO]: [ViaBackwards] Disabling ViaBackwards v5.9.2-SNAPSHOT
[23:48:22] [Server thread/INFO]: [ProtocolLib] Disabling ProtocolLib v5.5.0-SNAPSHOT-b723ff3
[23:48:22] [Server thread/INFO]: [Vault] Disabling Vault v2.19.1
[23:48:22] [Server thread/INFO]: [ViaVersion] Disabling ViaVersion v5.9.2-SNAPSHOT
[23:48:22] [Server thread/INFO]: [ViaVersion] ViaVersion has been disabled; uninjected the platform and shut down the scheduler.
[23:48:22] [Server thread/INFO]: Saving players
[23:48:22] [Server thread/INFO]: Saving worlds
[23:48:22] [Server thread/INFO]: Saving chunks for level 'ServerLevel[world]'/minecraft:overworld
[23:48:22] [Server thread/INFO]: [ChunkHolderManager] Waiting 60s for chunk system to halt for world 'minecraft:overworld'
[23:48:22] [Server thread/INFO]: [ChunkHolderManager] Halted chunk system for world 'minecraft:overworld'
[23:48:22] [Server thread/INFO]: [ChunkHolderManager] Saving all chunkholders for world 'minecraft:overworld'
[23:48:22] [Server thread/INFO]: [ChunkHolderManager] Saved 372 block chunks, 379 entity chunks, 0 poi chunks in world 'minecraft:overworld' in 0.15s
[23:48:22] [Server thread/INFO]: [ChunkHolderManager] Waiting 60s for chunk I/O to halt for world 'minecraft:overworld'
[23:48:22] [Server thread/INFO]: [ChunkHolderManager] Halted I/O scheduler for world 'minecraft:overworld'
[23:48:22] [Server thread/INFO]: Saving chunks for level 'ServerLevel[world]'/minecraft:the_nether
[23:48:22] [Server thread/INFO]: [ChunkHolderManager] Waiting 60s for chunk system to halt for world 'minecraft:the_nether'
[23:48:22] [Server thread/INFO]: [ChunkHolderManager] Halted chunk system for world 'minecraft:the_nether'
[23:48:22] [Server thread/INFO]: [ChunkHolderManager] Saving all chunkholders for world 'minecraft:the_nether'
[23:48:22] [Server thread/INFO]: [ChunkHolderManager] Saved 0 block chunks, 0 entity chunks, 0 poi chunks in world 'minecraft:the_nether' in 0.00s
[23:48:22] [Server thread/INFO]: [ChunkHolderManager] Waiting 60s for chunk I/O to halt for world 'minecraft:the_nether'
[23:48:22] [Server thread/INFO]: [ChunkHolderManager] Halted I/O scheduler for world 'minecraft:the_nether'
[23:48:22] [Server thread/INFO]: Saving chunks for level 'ServerLevel[world]'/minecraft:the_end
[23:48:22] [Server thread/INFO]: [ChunkHolderManager] Waiting 60s for chunk system to halt for world 'minecraft:the_end'
[23:48:22] [Server thread/INFO]: [ChunkHolderManager] Halted chunk system for world 'minecraft:the_end'
[23:48:22] [Server thread/INFO]: [ChunkHolderManager] Saving all chunkholders for world 'minecraft:the_end'
[23:48:22] [Server thread/INFO]: [ChunkHolderManager] Saved 0 block chunks, 0 entity chunks, 0 poi chunks in world 'minecraft:the_end' in 0.00s
[23:48:22] [Server thread/INFO]: [ChunkHolderManager] Waiting 60s for chunk I/O to halt for world 'minecraft:the_end'
[23:48:22] [Server thread/INFO]: [ChunkHolderManager] Halted I/O scheduler for world 'minecraft:the_end'
[23:48:22] [Server thread/INFO]: ThreadedAnvilChunkStorage (world): All chunks are saved
[23:48:22] [Server thread/INFO]: ThreadedAnvilChunkStorage (DIM-1): All chunks are saved
[23:48:22] [Server thread/INFO]: ThreadedAnvilChunkStorage (DIM1): All chunks are saved
[23:48:22] [Server thread/INFO]: ThreadedAnvilChunkStorage: All dimensions are saved
[23:48:22] [Server thread/INFO]: Waiting for all RegionFile I/O tasks to complete...
[23:48:22] [Server thread/INFO]: All RegionFile I/O tasks to complete
[23:48:22] [Server thread/INFO]: [MoonriseCommon] Awaiting termination of worker pool for up to 60s...
[23:48:22] [Server thread/INFO]: [MoonriseCommon] Awaiting termination of I/O pool for up to 60s...
